// Jest Snapshot v1, https://goo.gl/fbAQLP

exports[`<Header /> Should render header correctly 1`] = `
<div
  className="px4 flex items-center justify-between "
>
  <h1
    className="h1"
  >
    <span
      aria-label="Chinese Food"
      role="img"
    >
      ðŸ¥¡
    </span>
    MyRecipes
  </h1>
  <img
    alt="spices"
    src="test-file-stub"
    style={
      Object {
        "width": 200,
      }
    }
  />
  <a
    aria-current="page"
    className="p1 mx2 black text-decoration-none bg-white"
    href="/"
    onClick={[Function]}
    style={Object {}}
  >
    Home
  </a>
  <a
    aria-current={null}
    className="p1 mx2 black text-decoration-none"
    href="/favorites"
    onClick={[Function]}
  >
    Favorites
  </a>
</div>
`;
