// Jest Snapshot v1, https://goo.gl/fbAQLP

exports[`<RecipeDetail /> Should correctly assign a classnName 1`] = `
<div
  className="pl4 p2 bg-white"
>
  <h2>
    Test Recipe
  </h2>
  <img
    alt="Test Recipe"
    className="fit"
  />
  <div>
    <span>
      Test Category
    </span>
    <span />
  </div>
  <h3>
    Ingredients
  </h3>
  <h3>
    Steps
  </h3>
  <ol>
    <li>
      step1
    </li>
    <li>
      step2
    </li>
  </ol>
  <a
    href="/recipe/1"
    onClick={[Function]}
  >
    See More
  </a>
</div>
`;

exports[`<RecipeDetail /> Should correctly render a recipe 1`] = `
<div
  className="pl4 p2 bg-white"
>
  <h2>
    Test Recipe
  </h2>
  <img
    alt="Test Recipe"
    className="fit"
  />
  <div>
    <span>
      Test Category
    </span>
    <span />
  </div>
  <h3>
    Ingredients
  </h3>
  <h3>
    Steps
  </h3>
  <ol>
    <li>
      step1
    </li>
    <li>
      step2
    </li>
  </ol>
  <a
    href="/recipe/1"
    onClick={[Function]}
  >
    See More
  </a>
</div>
`;

exports[`<RecipeDetail /> Should render a recipe without ingredients 1`] = `
<div
  className="pl4 p2 bg-white"
>
  <h2>
    Test Recipe
  </h2>
  <img
    alt="Test Recipe"
    className="fit"
  />
  <div>
    <span>
      Test Category
    </span>
    <span />
  </div>
  <h3>
    Ingredients
  </h3>
  <h3>
    Steps
  </h3>
  <ol>
    <li>
      step1
    </li>
    <li>
      step2
    </li>
  </ol>
  <a
    href="/recipe/1"
    onClick={[Function]}
  >
    See More
  </a>
</div>
`;

exports[`<RecipeDetail /> Should render a recipe without steps 1`] = `
<p
  className="h3 p2 bg-white italic center undefined"
>
  Please select a recipe to view detail
</p>
`;

exports[`<RecipeDetail /> Should render zero state 1`] = `
<p
  className="h3 p2 bg-white italic center undefined"
>
  Please select a recipe to view detail
</p>
`;
